2024/12/18 19:11:53 >> 8 : Undefined index: f_emp_id [/home/m-ela/projects/simplan/public_app/tmp/8fb7f93def8485539090b103ac373cac^%%41^413^4130B726%%confirm.tpl.php.10]
2024/12/18 19:14:42 >> 8 : Undefined index: f_name [/home/m-ela/projects/simplan/public_app/tmp/8fb7f93def8485539090b103ac373cac^%%41^413^4130B726%%confirm.tpl.php.10]
2024/12/18 19:18:38 >> 8 : Undefined index: f_emp_id [/home/m-ela/projects/simplan/public_app/tmp/8fb7f93def8485539090b103ac373cac^%%41^413^4130B726%%confirm.tpl.php.10]
2024/12/19 11:25:38 >> 8192 : Optional parameter $offset declared before required parameter $tag is implicitly treated as a required parameter [C:\xampp\htdocs\simplan\public_app\lib\Simplan\class\WideQuery\widtag.php.186]
2024/12/19 11:30:49 >> 8192 : Optional parameter $offset declared before required parameter $tag is implicitly treated as a required parameter [C:\xampp\htdocs\simplan\public_app\lib\Simplan\class\WideQuery\widtag.php.186]
2024/12/19 11:32:09 >> 8192 : Optional parameter $offset declared before required parameter $tag is implicitly treated as a required parameter [C:\xampp\htdocs\simplan\public_app\lib\Simplan\class\WideQuery\widtag.php.186]
2024/12/19 11:33:27 >> 8192 : Optional parameter $offset declared before required parameter $tag is implicitly treated as a required parameter [C:\xampp\htdocs\simplan\public_app\lib\Simplan\class\WideQuery\widtag.php.186]
2024/12/19 11:33:46 >> 8192 : Optional parameter $offset declared before required parameter $tag is implicitly treated as a required parameter [C:\xampp\htdocs\simplan\public_app\lib\Simplan\class\WideQuery\widtag.php.186]
2024/12/19 11:40:08 >> 8192 : Optional parameter $offset declared before required parameter $tag is implicitly treated as a required parameter [C:\xampp\htdocs\simplan\public_app\lib\Simplan\class\WideQuery\widtag.php.200]
2024/12/24 22:11:41 >> 2 : Undefined variable $logger [C:\xampp\htdocs\simplan\public_app\lib\Simplan\class\SimplanAbstractProcess.php.56]
2024/12/24 22:12:14 >> 2 : Trying to access array offset on value of type null [C:\xampp\htdocs\simplan\public_app\lib\Simplan\class\WideDB\WideDB.php.62]
2024/12/24 22:16:04 >> 2 : Trying to access array offset on value of type null [C:\xampp\htdocs\simplan\public_app\lib\Simplan\class\WideDB\driver\mysql\MySqlConnect.php.41]
2024/12/24 22:36:11 >> 2 : Undefined variable $print_r [C:\xampp\htdocs\simplan\public_app\lib\Simplan\class\WideDB\driver\mysql\MySqlConnect.php.41]
2024/12/24 22:48:38 >> 2 : Undefined property: indexProcess::$img_obj [C:\xampp\htdocs\simplan\public_app\mod\user\index\process\indexProcess.php.110]
2024/12/24 22:49:00 >> 2 : Undefined property: indexProcess::$img_obj [C:\xampp\htdocs\simplan\public_app\mod\user\index\process\indexProcess.php.110]
2024/12/24 23:20:30 >> 2 : preg_match(): Compilation failed: quantifier does not follow a repeatable item at offset 17 [C:\xampp\htdocs\simplan\public_app\lib\Smarty\Smarty_Compiler.class.php.447]
2024/12/24 23:21:38 >> 8192 : Function strftime() is deprecated [C:\xampp\htdocs\simplan\public_app\lib\Smarty\Smarty_Compiler.class.php.394]
2024/12/24 23:23:44 >> 2 : unlink(C:\xampp\htdocs\simplan\public_app\tmp\sql\/\265d2c9fd8ad587bad662b1e24511b26^%%C1^C1E^C1E760EB%%select_one.sql.php): No such file or directory [C:\xampp\htdocs\simplan\public_app\lib\Smarty\internals\core.write_file.php.44]
2024/12/24 23:24:56 >> 2 : unlink(C:\xampp\htdocs\simplan\public_app\tmp\sql\/\265d2c9fd8ad587bad662b1e24511b26^%%C1^C1E^C1E760EB%%select_one.sql.php): No such file or directory [C:\xampp\htdocs\simplan\public_app\lib\Smarty\internals\core.write_file.php.44]
2024/12/24 23:35:57 >> 2 : Undefined property: WideDB_SimplanInterface::$commander [C:\xampp\htdocs\simplan\public_app\lib\Simplan\class\WideDB\SimplanInterface.php.21]
2024/12/27 19:13:43 >> 2 : fopen(C:\xampp\htdocs\simplan\public_app\log\): Failed to open stream: No such file or directory [C:\xampp\htdocs\simplan\public_app\lib\Simplan\class\SystemLog.php.83]
2024/12/27 19:17:23 >> 2 : fopen(C:\xampp\htdocs\simplan\public_app\log\): Failed to open stream: No such file or directory [C:\xampp\htdocs\simplan\public_app\lib\Simplan\class\SystemLog.php.83]
2024/12/27 19:21:29 >> 8192 : Function strftime() is deprecated [C:\xampp\htdocs\simplan\public_app\lib\Smarty\plugins\modifier.date_format.php.53]
2024/12/27 19:44:06 >> 2 : Undefined array key "onetime_ticket" [C:\xampp\htdocs\simplan\public_app\tmp\d1578ce97fd241be1193f55c2425b0d2^%%43^435^435E834E%%user_foot.tpl.php.22]
2024/12/27 19:44:16 >> 2 : Undefined array key "sample_UserSession" [C:\xampp\htdocs\simplan\public_app\mod\user\index\process\indexProcess.php.189]
2024/12/27 19:49:29 >> 2 : Undefined array key "onetime_ticket" [C:\xampp\htdocs\simplan\public_app\tmp\d1578ce97fd241be1193f55c2425b0d2^%%43^435^435E834E%%user_foot.tpl.php.22]
2024/12/27 19:56:38 >> 2 : Undefined array key "onetime_ticket" [C:\xampp\htdocs\simplan\public_app\tmp\d1578ce97fd241be1193f55c2425b0d2^%%43^435^435E834E%%user_foot.tpl.php.22]
2024/12/27 19:56:42 >> 2 : Undefined array key "onetime_ticket" [C:\xampp\htdocs\simplan\public_app\tmp\d1578ce97fd241be1193f55c2425b0d2^%%43^435^435E834E%%user_foot.tpl.php.22]
2024/12/27 19:56:44 >> 2 : Undefined array key "sample_UserSession" [C:\xampp\htdocs\simplan\public_app\mod\user\index\process\indexProcess.php.189]
2024/12/27 19:57:04 >> 2 : Undefined array key "onetime_ticket" [C:\xampp\htdocs\simplan\public_app\tmp\d1578ce97fd241be1193f55c2425b0d2^%%43^435^435E834E%%user_foot.tpl.php.22]
2024/12/27 19:59:34 >> 2 : Undefined array key "onetime_ticket" [C:\xampp\htdocs\simplan\public_app\tmp\9fb41fd2084dca25dc3d7f66548f0d48^%%7E^7E0^7E006DBF%%admin_foot.tpl.php.22]
2024/12/27 19:59:45 >> 2 : Undefined array key "onetime_ticket" [C:\xampp\htdocs\simplan\public_app\tmp\9fb41fd2084dca25dc3d7f66548f0d48^%%7E^7E0^7E006DBF%%admin_foot.tpl.php.22]
2024/12/27 20:01:04 >> 2 : Undefined array key "onetime_ticket" [C:\xampp\htdocs\simplan\public_app\tmp\9fb41fd2084dca25dc3d7f66548f0d48^%%7E^7E0^7E006DBF%%admin_foot.tpl.php.22]
2024/12/27 20:01:41 >> 2 : Undefined array key "onetime_ticket" [C:\xampp\htdocs\simplan\public_app\tmp\9fb41fd2084dca25dc3d7f66548f0d48^%%7E^7E0^7E006DBF%%admin_foot.tpl.php.22]
2024/12/27 20:01:54 >> 2 : Undefined array key "onetime_ticket" [C:\xampp\htdocs\simplan\public_app\tmp\9fb41fd2084dca25dc3d7f66548f0d48^%%7E^7E0^7E006DBF%%admin_foot.tpl.php.22]
2024/12/27 20:02:00 >> 2 : Undefined array key "onetime_ticket" [C:\xampp\htdocs\simplan\public_app\tmp\9fb41fd2084dca25dc3d7f66548f0d48^%%7E^7E0^7E006DBF%%admin_foot.tpl.php.22]
2024/12/27 20:15:55 >> 2 : Undefined array key "DEL_FLG_LIST_OFF" [C:\xampp\htdocs\simplan\public_app\tmp\sql\265d2c9fd8ad587bad662b1e24511b26^%%50^506^506D73AE%%login.sql.php.28]
2024/12/27 20:17:16 >> 2 : Undefined array key "DEL_FLG_LIST_OFF" [C:\xampp\htdocs\simplan\public_app\tmp\sql\265d2c9fd8ad587bad662b1e24511b26^%%50^506^506D73AE%%login.sql.php.28]
2024/12/27 20:17:59 >> 2 : Undefined array key "DEL_FLG_OFF" [C:\xampp\htdocs\simplan\public_app\tmp\sql\265d2c9fd8ad587bad662b1e24511b26^%%50^506^506D73AE%%login.sql.php.28]
2024/12/27 20:19:00 >> 2 : Undefined array key "DEL_FLG_OFF" [C:\xampp\htdocs\simplan\public_app\tmp\sql\265d2c9fd8ad587bad662b1e24511b26^%%50^506^506D73AE%%login.sql.php.28]
2024/12/27 20:31:09 >> 256 : SimplanAbstractProcess::execCommand -> AbstractCommand::executeProcess m_admin/login.sql.sql is  error.
:: [C:\xampp\htdocs\simplan\public_app\lib\Simplan\class\AbstractCommand.php.193]
2024/12/27 20:44:31 >> 2 : Undefined property: listProcess::$img_obj [C:\xampp\htdocs\simplan\public_app\mod\admin\addemployee\process\listProcess.php.66]
2024/12/30 12:47:58 >> 8192 : mb_detect_encoding(): Passing null to parameter #1 ($string) of type string is deprecated [C:\xampp\htdocs\simplan\public_app\lib\Simplan\class\SimplanLog.php.94]
2025/02/28 17:00:08 >> 2 : Undefined property: listProcess::$img_obj [C:\xampp\htdocs\simplan\public_app\mod\admin\salary\process\listProcess.php.53]
2025/02/28 17:00:10 >> 2 : Undefined property: listProcess::$master [C:\xampp\htdocs\simplan\public_app\mod\admin\attendance\process\listProcess.php.58]
2025/02/28 17:03:00 >> 8192 : mb_detect_encoding(): Passing null to parameter #1 ($string) of type string is deprecated [C:\xampp\htdocs\simplan\public_app\lib\Simplan\class\SimplanLog.php.94]
